main +4

Updated 2 PR descriptions

? Select branches to delete:
    [x] feat-old (#99 merged)
› user selects: feat-old

Pulled 1 branch from remote

1 branch landed and cleaned up
    #99 feat-old

⚠️  1 branch conflicted; the rest of the stack was restacked.
? Resolve conflicts now? [y/N]
› user answers: no

Restacked 1 branch on main +4
  ⚠ feat-report #203 conflict — needs resolving

Pulled trunk, synced 1 branch, restacked 1, deleted 1, skipped 1 (conflict)
   st restack feat-report
