📚 Restacking branches...
  Skipped feat-api (PR #201) (blocked by conflict in stack)
  ⚠ Skipped feat-ui (PR #202) (conflict)
  ✓ Restacked feat-docs (PR #203) on main → d4e5f6a

⚠️  Found conflicts in 1 branch during restack. Affected stacks were left untouched; independent stacks were processed.
Resolve each with:
  • st restack --branch feat-ui

? Resolve conflicts now? [y/N]
› user answers: no

⚠ Sync incomplete: restacked 1, skipped 1 (conflict), blocked 1
  Run st restack --branch feat-ui to resolve and continue
