Refreshed PR info for 6 branches

2 branches landed and cleaned up
    stack-merge-stack-1784862381
    make-restack-output-terse-and-outcome-focused

Restacked 5 branches
  ⚠ add-prompt-notes-to-track-LLM-context-on-commits #754 conflict — needs resolving

Restacked 5, deleted 2, skipped 1 (conflict)
   st restack jonnii/20260220125253/add-prompt-notes-to-track-LLM-context-on-commits
