📚 Restacking branches...
  ✓ Restacked feat-api (PR #201) on main → b2c3d4e
  ⚠ Skipped feat-ui (PR #202) (conflict)

⚠️  Found conflicts in 1 branch during restack; branches without conflicts were restacked.
Resolve each with:
  • st restack feat-ui

? Resolve conflicts now? [y/N]
› user answers: no

✅ Summary: restacked 1, skipped 1 (conflict)
  Run st restack feat-ui to resolve and continue
